[2026-05-09 23:29:42] === 开始清理任务 ===
[2026-05-09 23:29:42] 目标目录: /home/zbc2/.openclaw/workspace/video-projects
[2026-05-09 23:29:42] 保留天数: 7 天
[2026-05-09 23:29:42] 已删除空目录: /home/zbc2/.openclaw/workspace/video-projects/first-video/fonts
[2026-05-09 23:29:42] 已删除空目录: /home/zbc2/.openclaw/workspace/video-projects/first-video/compositions
[2026-05-09 23:29:42] 已删除空目录: /home/zbc2/.openclaw/workspace/video-projects/first-video/assets
[2026-05-09 23:29:42] 已删除空目录: /home/zbc2/.openclaw/workspace/video-projects/output
[2026-05-09 23:29:42] 已删除空目录: /home/zbc2/.openclaw/workspace/video-projects/archive
[2026-05-09 23:29:42] 已删除空目录: /home/zbc2/.openclaw/workspace/video-projects/test-video
[2026-05-09 23:29:42] 已删除空目录: /home/zbc2/.openclaw/workspace/video-projects/temp
[2026-05-09 23:29:42] === 清理完成 ===
[2026-05-09 23:29:42] 删除文件: 0 个
[2026-05-09 23:29:42] 释放空间: 0 MB
[2026-05-10 03:00:01] === 开始清理任务 ===
[2026-05-10 03:00:01] === 开始清理任务 ===
[2026-05-10 03:00:01] 目标目录: /home/zbc2/.openclaw/workspace/video-projects
[2026-05-10 03:00:01] 目标目录: /home/zbc2/.openclaw/workspace/video-projects
[2026-05-10 03:00:01] 保留天数: 7 天
[2026-05-10 03:00:01] 保留天数: 7 天
[2026-05-10 03:00:01] 已删除空目录: /home/zbc2/.openclaw/workspace/video-projects/first-video
[2026-05-10 03:00:01] 已删除空目录: /home/zbc2/.openclaw/workspace/video-projects/first-video
[2026-05-10 03:00:01] === 清理完成 ===
[2026-05-10 03:00:01] === 清理完成 ===
[2026-05-10 03:00:01] 删除文件: 0 个
[2026-05-10 03:00:01] 删除文件: 0 个
[2026-05-10 03:00:01] 释放空间: 0 MB
[2026-05-10 03:00:01] 释放空间: 0 MB

================================
  清理完成
================================
  删除文件: 0 个
  释放空间: 0 MB
================================
[2026-05-11 03:00:01] === 开始清理任务 ===
[2026-05-11 03:00:01] === 开始清理任务 ===
[2026-05-11 03:00:01] 目标目录: /home/zbc2/.openclaw/workspace/video-projects
[2026-05-11 03:00:01] 目标目录: /home/zbc2/.openclaw/workspace/video-projects
[2026-05-11 03:00:01] 保留天数: 7 天
[2026-05-11 03:00:01] 保留天数: 7 天
[2026-05-11 03:00:01] === 清理完成 ===
[2026-05-11 03:00:01] === 清理完成 ===
[2026-05-11 03:00:01] 删除文件: 0 个
[2026-05-11 03:00:01] 删除文件: 0 个
[2026-05-11 03:00:01] 释放空间: 0 MB
[2026-05-11 03:00:01] 释放空间: 0 MB

================================
  清理完成
================================
  删除文件: 0 个
  释放空间: 0 MB
================================
[2026-05-16 03:00:01] === 开始清理任务 ===
[2026-05-16 03:00:01] === 开始清理任务 ===
[2026-05-16 03:00:01] 目标目录: /home/zbc2/.openclaw/workspace/video-projects
[2026-05-16 03:00:01] 目标目录: /home/zbc2/.openclaw/workspace/video-projects
[2026-05-16 03:00:01] 保留天数: 7 天
[2026-05-16 03:00:01] 保留天数: 7 天
[2026-05-16 03:00:02] === 清理完成 ===
[2026-05-16 03:00:02] === 清理完成 ===
[2026-05-16 03:00:02] 删除文件: 0 个
[2026-05-16 03:00:02] 删除文件: 0 个
[2026-05-16 03:00:02] 释放空间: 0 MB
[2026-05-16 03:00:02] 释放空间: 0 MB

================================
  清理完成
================================
  删除文件: 0 个
  释放空间: 0 MB
================================
[2026-05-17 03:00:01] === 开始清理任务 ===
[2026-05-17 03:00:01] === 开始清理任务 ===
[2026-05-17 03:00:01] 目标目录: /home/zbc2/.openclaw/workspace/video-projects
[2026-05-17 03:00:01] 目标目录: /home/zbc2/.openclaw/workspace/video-projects
[2026-05-17 03:00:01] 保留天数: 7 天
[2026-05-17 03:00:01] 保留天数: 7 天
[2026-05-17 03:00:01] === 清理完成 ===
[2026-05-17 03:00:01] === 清理完成 ===
[2026-05-17 03:00:01] 删除文件: 0 个
[2026-05-17 03:00:01] 删除文件: 0 个
[2026-05-17 03:00:01] 释放空间: 0 MB
[2026-05-17 03:00:01] 释放空间: 0 MB

================================
  清理完成
================================
  删除文件: 0 个
  释放空间: 0 MB
================================
[2026-05-19 03:00:01] === 开始清理任务 ===
[2026-05-19 03:00:01] === 开始清理任务 ===
[2026-05-19 03:00:01] 目标目录: /home/zbc2/.openclaw/workspace/video-projects
[2026-05-19 03:00:01] 目标目录: /home/zbc2/.openclaw/workspace/video-projects
[2026-05-19 03:00:01] 保留天数: 7 天
[2026-05-19 03:00:01] 保留天数: 7 天
[2026-05-19 03:00:02] 已删除: /home/zbc2/.openclaw/workspace/video-projects/hello-hyperframes/output.mp4 (大小: 2MB)
[2026-05-19 03:00:02] 已删除: /home/zbc2/.openclaw/workspace/video-projects/hello-hyperframes/output.mp4 (大小: 2MB)
[2026-05-19 03:00:02] === 清理完成 ===
[2026-05-19 03:00:02] === 清理完成 ===
[2026-05-19 03:00:02] 删除文件: 1 个
[2026-05-19 03:00:02] 删除文件: 1 个
[2026-05-19 03:00:02] 释放空间: 2 MB
[2026-05-19 03:00:02] 释放空间: 2 MB

================================
  清理完成
================================
  删除文件: 1 个
  释放空间: 2 MB
================================
[2026-05-20 03:00:01] === 开始清理任务 ===
[2026-05-20 03:00:01] === 开始清理任务 ===
[2026-05-20 03:00:01] 目标目录: /home/zbc2/.openclaw/workspace/video-projects
[2026-05-20 03:00:01] 目标目录: /home/zbc2/.openclaw/workspace/video-projects
[2026-05-20 03:00:01] 保留天数: 7 天
[2026-05-20 03:00:01] 保留天数: 7 天
[2026-05-20 03:00:01] === 清理完成 ===
[2026-05-20 03:00:01] === 清理完成 ===
[2026-05-20 03:00:01] 删除文件: 0 个
[2026-05-20 03:00:01] 删除文件: 0 个
[2026-05-20 03:00:01] 释放空间: 0 MB
[2026-05-20 03:00:01] 释放空间: 0 MB

================================
  清理完成
================================
  删除文件: 0 个
  释放空间: 0 MB
================================
[2026-05-21 03:00:01] === 开始清理任务 ===
[2026-05-21 03:00:01] === 开始清理任务 ===
[2026-05-21 03:00:01] 目标目录: /home/zbc2/.openclaw/workspace/video-projects
[2026-05-21 03:00:01] 目标目录: /home/zbc2/.openclaw/workspace/video-projects
[2026-05-21 03:00:01] 保留天数: 7 天
[2026-05-21 03:00:01] 保留天数: 7 天
[2026-05-21 03:00:01] === 清理完成 ===
[2026-05-21 03:00:01] === 清理完成 ===
[2026-05-21 03:00:01] 删除文件: 0 个
[2026-05-21 03:00:01] 删除文件: 0 个
[2026-05-21 03:00:01] 释放空间: 0 MB
[2026-05-21 03:00:01] 释放空间: 0 MB

================================
  清理完成
================================
  删除文件: 0 个
  释放空间: 0 MB
================================
[2026-05-22 03:00:01] === 开始清理任务 ===
[2026-05-22 03:00:01] === 开始清理任务 ===
[2026-05-22 03:00:01] 目标目录: /home/zbc2/.openclaw/workspace/video-projects
[2026-05-22 03:00:01] 目标目录: /home/zbc2/.openclaw/workspace/video-projects
[2026-05-22 03:00:01] 保留天数: 7 天
[2026-05-22 03:00:01] 保留天数: 7 天
[2026-05-22 03:00:01] === 清理完成 ===
[2026-05-22 03:00:01] === 清理完成 ===
[2026-05-22 03:00:01] 删除文件: 0 个
[2026-05-22 03:00:01] 删除文件: 0 个
[2026-05-22 03:00:01] 释放空间: 0 MB
[2026-05-22 03:00:01] 释放空间: 0 MB

================================
  清理完成
================================
  删除文件: 0 个
  释放空间: 0 MB
================================
[2026-05-23 03:00:01] === 开始清理任务 ===
[2026-05-23 03:00:01] === 开始清理任务 ===
[2026-05-23 03:00:02] 目标目录: /home/zbc2/.openclaw/workspace/video-projects
[2026-05-23 03:00:02] 目标目录: /home/zbc2/.openclaw/workspace/video-projects
[2026-05-23 03:00:02] 保留天数: 7 天
[2026-05-23 03:00:02] 保留天数: 7 天
[2026-05-23 03:00:03] === 清理完成 ===
[2026-05-23 03:00:03] === 清理完成 ===
[2026-05-23 03:00:03] 删除文件: 0 个
[2026-05-23 03:00:03] 删除文件: 0 个
[2026-05-23 03:00:03] 释放空间: 0 MB
[2026-05-23 03:00:03] 释放空间: 0 MB

================================
  清理完成
================================
  删除文件: 0 个
  释放空间: 0 MB
================================
[2026-05-25 03:00:01] === 开始清理任务 ===
[2026-05-25 03:00:01] === 开始清理任务 ===
[2026-05-25 03:00:01] 目标目录: /home/zbc2/.openclaw/workspace/video-projects
[2026-05-25 03:00:01] 目标目录: /home/zbc2/.openclaw/workspace/video-projects
[2026-05-25 03:00:01] 保留天数: 7 天
[2026-05-25 03:00:01] 保留天数: 7 天
[2026-05-25 03:00:01] === 清理完成 ===
[2026-05-25 03:00:01] === 清理完成 ===
[2026-05-25 03:00:01] 删除文件: 0 个
[2026-05-25 03:00:01] 删除文件: 0 个
[2026-05-25 03:00:01] 释放空间: 0 MB
[2026-05-25 03:00:01] 释放空间: 0 MB

================================
  清理完成
================================
  删除文件: 0 个
  释放空间: 0 MB
================================
[2026-05-26 03:00:01] === 开始清理任务 ===
[2026-05-26 03:00:01] === 开始清理任务 ===
[2026-05-26 03:00:01] 目标目录: /home/zbc2/.openclaw/workspace/video-projects
[2026-05-26 03:00:01] 目标目录: /home/zbc2/.openclaw/workspace/video-projects
[2026-05-26 03:00:01] 保留天数: 7 天
[2026-05-26 03:00:01] 保留天数: 7 天
[2026-05-26 03:00:01] === 清理完成 ===
[2026-05-26 03:00:01] === 清理完成 ===
[2026-05-26 03:00:01] 删除文件: 0 个
[2026-05-26 03:00:01] 删除文件: 0 个
[2026-05-26 03:00:01] 释放空间: 0 MB
[2026-05-26 03:00:01] 释放空间: 0 MB

================================
  清理完成
================================
  删除文件: 0 个
  释放空间: 0 MB
================================
[2026-05-27 03:00:01] === 开始清理任务 ===
[2026-05-27 03:00:01] === 开始清理任务 ===
[2026-05-27 03:00:01] 目标目录: /home/zbc2/.openclaw/workspace/video-projects
[2026-05-27 03:00:01] 目标目录: /home/zbc2/.openclaw/workspace/video-projects
[2026-05-27 03:00:01] 保留天数: 7 天
[2026-05-27 03:00:01] 保留天数: 7 天
[2026-05-27 03:00:01] === 清理完成 ===
[2026-05-27 03:00:01] === 清理完成 ===
[2026-05-27 03:00:01] 删除文件: 0 个
[2026-05-27 03:00:01] 删除文件: 0 个
[2026-05-27 03:00:01] 释放空间: 0 MB
[2026-05-27 03:00:01] 释放空间: 0 MB

================================
  清理完成
================================
  删除文件: 0 个
  释放空间: 0 MB
================================
[2026-05-28 03:00:01] === 开始清理任务 ===
[2026-05-28 03:00:01] === 开始清理任务 ===
[2026-05-28 03:00:01] 目标目录: /home/zbc2/.openclaw/workspace/video-projects
[2026-05-28 03:00:01] 目标目录: /home/zbc2/.openclaw/workspace/video-projects
[2026-05-28 03:00:01] 保留天数: 7 天
[2026-05-28 03:00:01] 保留天数: 7 天
[2026-05-28 03:00:01] === 清理完成 ===
[2026-05-28 03:00:01] === 清理完成 ===
[2026-05-28 03:00:01] 删除文件: 0 个
[2026-05-28 03:00:01] 删除文件: 0 个
[2026-05-28 03:00:01] 释放空间: 0 MB
[2026-05-28 03:00:01] 释放空间: 0 MB

================================
  清理完成
================================
  删除文件: 0 个
  释放空间: 0 MB
================================
